      2            2
a := x  + 2*x*y + y

ax := 2*(x + y)

ay := 2*(x + y)

=====> submit number 1 done <=====


      3      2          2    3
b := u  + 3*u *v + 3*u*v  + v


          2            2
bu := 3*(u  + 2*u*v + v )


          2            2
bv := 3*(u  + 2*u*v + v )


=====> submit number 2 done <=====


      4      3        2  2        3    4
c := u  + 4*u *v + 6*u *v  + 4*u*v  + v


          3      2          2    3
cu := 4*(u  + 3*u *v + 3*u*v  + v )


          3      2          2    3
cv := 4*(u  + 3*u *v + 3*u*v  + v )


=====> submit number 3 done <=====



