Reduce (CSL, rev 6657), 10-Dec-2023 ...






               - m
la := ---------------------
                2       2
       sqrt(x(3)  + x(2) )


                 2  2
           - x(2) *m
nu := --------------------
              2       2 2
       2*(x(3)  + x(2) )


                        -1
gp(0,0) := ----------------------------
                            2       2
             (2*m)/sqrt(x(3)  + x(2) )
            e


                           2       2
            (2*m)/sqrt(x(3)  + x(2) )     2
gp(1,1) := e                         *x(2)


                                        2       2
                         (2*m)/sqrt(x(3)  + x(2) )
                        e
gp(3,3) := gp(2,2) := ------------------------------
                             2  2       2       2 2
                        (x(2) *m )/(x(3)  + x(2) )
                       e









               m/abs(a)
              e        *q(2)
n(2) := ---------------------------
               2  2      4
          (q(2) *m )/(2*a )
         e                 *abs(a)

          m/abs(a)             2    2
         e        *sqrt( - q(2)  + a )
n(3) := -------------------------------
                 2  2      4
            (q(2) *m )/(2*a )
           e                 *abs(a)





                                                   2  2   4
                                              (q(2) *m )/a
                                           - e             *m
twop(0,0) := twop(0,0) := ---------------------------------------------------
                                        2  2      4               4
                            (abs(a)*q(2) *m  + 6*a *m)/(2*abs(a)*a )       2
                           e                                        *abs(a)

twop(1,0) := twop(0,1) := 0

twop(2,0) := twop(0,2) := 0

twop(1,1) := twop(1,1) := 

              2  2    4             4
  (abs(a)*q(2) *m  + a *m)/(abs(a)*a )                  2
 e                                    *(abs(a) - m)*q(2)
----------------------------------------------------------
                      2  2      4
                 (q(2) *m )/(2*a )       2
                e                 *abs(a)

twop(2,1) := twop(1,2) := 0

                               m/abs(a)             2  2           4    4
                            - e        *(abs(a)*q(2) *m  + abs(a)*a  - a *m)
twop(2,2) := twop(2,2) := ---------------------------------------------------
                                    2  2      4
                               (q(2) *m )/(2*a )      2    2        2  2
                              e                 *(q(2)  - a )*abs(a) *a


              2  2
        - y(2) *m
n0 := -------------
             4
          2*a


        - m
l0 := ------
        a


               -1
gm(0,0) := ----------
             (2*m)/a
            e


            (2*m)/a     2
gm(1,1) := e       *y(2)


                       (2*m)/a
gm(2,2) := gm(3,3) := e




+++ Error file could not be opened: "chrisx.red"




                    2  2   4
               (q(2) *m )/a       2    2     2
            - e             *(q(2)  - a ) - a
f := sqrt(-------------------------------------)
                     2  2   4
                (q(2) *m )/a       2    2
               e             *(q(2)  - a )


                                2  2   4
                           (q(2) *m )/a       2    2     2
                        - e             *(q(2)  - a ) - a
df(y(3),q(2)) := sqrt(-------------------------------------)
                                 2  2   4
                            (q(2) *m )/a       2    2
                           e             *(q(2)  - a )


               2  2      3        4
          (q(2) *m  + 2*a *m)/(2*a )             2    2
         e                          *sqrt( - q(2)  + a )
n(3) := -------------------------------------------------
                                a


                  2  2      3        4
             (q(2) *m  + 2*a *m)/(2*a )
n(2) := ( - e

                         2  2   4
                    (q(2) *m )/a       2    2     2
                 - e             *(q(2)  - a ) - a                2    2
         *sqrt(-------------------------------------)*sqrt( - q(2)  + a ))/a
                          2  2   4
                     (q(2) *m )/a       2    2
                    e             *(q(2)  - a )


+++ Error file could not be opened: "formx.red"


                                                   2  2   4
                                              (q(2) *m )/a
                                           - e             *m
twom(0,0) := twom(0,0) := ---------------------------------------------------
                                        2  2      4               4
                            (abs(a)*q(2) *m  + 6*a *m)/(2*abs(a)*a )       2
                           e                                        *abs(a)

twom(1,0) := twom(0,1) := 0

twom(2,0) := twom(0,2) := 0

twom(1,1) := twom(1,1) := 

              2  2    4             4
  (abs(a)*q(2) *m  + a *m)/(abs(a)*a )                  2
 e                                    *(abs(a) - m)*q(2)
----------------------------------------------------------
                      2  2      4
                 (q(2) *m )/(2*a )       2
                e                 *abs(a)

twom(2,1) := twom(1,2) := 0

                               m/abs(a)       2  2    4            4
                            - e        *((q(2) *m  + a )*abs(a) - a *m)
twom(2,2) := twom(2,2) := ----------------------------------------------
                                  2  2      4
                             (q(2) *m )/(2*a )      2    2        2  2
                            e                 *(q(2)  - a )*abs(a) *a



s(0,0) := s(0,0) := 0

s(1,0) := s(0,1) := 0

s(2,0) := s(0,2) := 0

s(1,1) := s(1,1) := 0

s(2,1) := s(1,2) := 0

s(2,2) := s(2,2) := 0


end ;





*** End-of-file read 
